abatement@an amount abated; especially a deduction from the full amount of a tax#the act or process of abating the state of being abated@0
ablaze@being on fire#radiant with light or emotion ;his face all ablaze with excitement Bram Stoker;@0
abolition@the act of abolishing the state of being abolished#the abolishing of slavery@0
abstruse@difficult to comprehend recondite ;the abstruse calculations of mathematicians;@0
accredit@to consider or recognize as outstanding#attribute, credit#to give official authorization to or approval of a to provide with credentials; especially to send an envoy with letters of authorization b to recognize or vouch for as conforming with a standard c to recognize an educational institution as maintaining standards that qualify the graduates for admission to higher or more specialized institutions or for professional practice@0
acolyte@one who assists a member of the clergy in a liturgical service by performing minor duties#one who attends or assists follower@0
acuate@@0
admonish@to give friendly earnest advice or encouragement to#to indicate duties or obligations to b to express warning or disapproval to especially in a gentle, earnest, or solicitous manner@0
adumbrate@to suggest, disclose, or outline partially ;adumbrate a plan;#overshadow, obscure#to foreshadow vaguely intimate@0
affirmation@the act of affirming b something affirmed a positive assertion#a solemn declaration made under the penalties of perjury by a person who conscientiously declines taking an oath@0
affront@a hostile encounter#a deliberate offense insult ;an affront to his dignity;#to face in defiance confront ;affront death;#to appear directly before#to insult especially to the face by behavior or language b to cause offense to ;laws that affront society;@0
agitate@to give motion to b to move with an irregular, rapid, or violent action ;the storm agitated the sea;#to discuss excitedly and earnestly b to stir up public discussion of#to attempt to arouse public feeling ;agitated for better schools;#to excite and often trouble the mind or feelings of disturb@0
agoraphobic@abnormal fear of being helpless in an embarrassing or unescapable situation that is characterized especially by the avoidance of open or public places@0
agrarian@a member of an agrarian party or movement#of or relating to fields or lands or their tenure#of, relating to, or characteristic of farmers or their way of life ;agrarian values; b organized or designed to promote agricultural interests@0
akin@essentially similar, related, or compatible ;his interests are akin to mine;#related by blood descended from a common ancestor or prototype@0
allegory@a symbolic representation emblem#the expression by means of symbolic fictional figures and actions of truths or generalizations about human existence; also an instance as in a story or painting of such expression@0
allot@to assign as a share or portion ;allot minutes for the speech;#to distribute by or as if by lot ;allot seats to the press;@0
allusion@the act of making an indirect reference to something the act of alluding to something#an implied or indirect reference especially in literature; also the use of such references@0
aloof@removed or distant either physically or emotionally ;he stood aloof from worldly success John Buchan;#at a distance@0
also-ran@a contestant that does not win#one that is of little importance especially competitively ;was just an alsoran in the scramble for privileges C. A. Buss;#a horse or dog that finishes out of the money in a race@0
amalgam@a mixture of different elements#an alloy of mercury with another metal that is solid or liquid at room temperature according to the proportion of mercury present and is used especially in making tooth cements@0
amble@an easy gait#a leisurely walk#to go at or as if at an amble saunter#an easy gait of a horse in which the legs on the same side of the body move together b rack b@0
ameliorate@to grow better#to make better or more tolerable@0
amenable@liable to be brought to account answerable ;citizens amenable to the law;#capable of submission as to judgment or test suited ;the data is amenable to analysis; b readily brought to yield, submit, or cooperate ;a government not amenable to change; c willing ;was amenable to spending more time at home;@0
anachronistic@an error in chronology; especially a chronological misplacing of persons, events, objects, or customs in regard to each other#a person or a thing that is chronologically out of place; especially one from a former age that is incongruous in the present#the state or condition of being chronologically out of place@0
anaerobic@relating to or induced by anaerobes#living, active, occurring, or existing in the absence of free oxygen ;anaerobic respiration; ;anaerobic bacteria; b of, relating to, or being activity in which the body incurs an oxygen debt ;anaerobic exercise;@0
anathema@one that is cursed by ecclesiastical authority b someone or something intensely disliked or loathed usually used as a predicate nominative ;this notion was anathema to most of his countrymen S. J. Gould;#a ban or curse solemnly pronounced by ecclesiastical authority and accompanied by excommunication b the denunciation of something as accursed c a vigorous denunciation curse@0
annex@to add to something earlier, larger, or more important#to attach as a quality, consequence, or condition#to incorporate a country or other territory within the domain of a state#something annexed as an expansion or supplement as a an added stipulation or statement appendix b a subsidiary or supplementary building or structure wing#to obtain or take for oneself#to join together materially unite@0
anomalous@inconsistent with or deviating from what is usual, normal, or expected irregular, unusual#of uncertain nature or classification b marked by incongruity or contradiction paradoxical@0
antipathy@opposition in feeling#settled aversion or dislike#an object of aversion@0
antiquarianism@one who collects or studies antiquities#of or relating to antiquarians or antiquities#dealing in old or rare books@0
antiseptic@relating to or characterized by the use of antiseptics#scrupulously clean aseptic b extremely neat or orderly; especially neat to the point of being bare or uninteresting c free from what is held to be contaminating#a substance that inhibits the growth or action of microorganisms especially in or on living tissue; also germicide#opposing sepsis, putrefaction, or decay; especially preventing or arresting the growth of microorganisms as on living tissue b acting or protecting like an antiseptic#coldly impersonal ;an antiseptic greeting; b of, relating to, or being warfare conducted with cold precision from a safe distance with few or no casualties on ones side ;antiseptic bombings;@0
aphorism@a concise statement of a principle#a terse formulation of a truth or sentiment adage@0
apportion@to divide and share out according to a plan; especially to make a proportionate division or distribution of@0
apposite@highly pertinent or appropriate apt ;apposite remarks;@0
apprehensive@having awareness or knowledge of something cognizant#capable of understanding or quick to do so discerning#viewing the future with anxiety or alarm@0
apprise@to give notice to tell ;they apprised him of his rights;@0
approbation@an act of approving formally or officially b commendation, praise#proof@0
apropos@being both relevant and opportune ;apropos comments;#apropos of#by way of interjection or further comment with regard to the present topic#at an opportune time seasonably@0
arable@fit for or used for the growing of crops#engaged in, produced by, or being the cultivation of arable land#land fit or used for the growing of crops; also a plot of such land ;the village arable of AngloSaxon times;@0
arbiter@a person or agency whose judgment or opinion is considered authoritative ;arbiters of taste;#a person with power to decide a dispute judge@0
arbitrary@not restrained or limited in the exercise of power ruling by absolute authority ;an arbitrary government; b marked by or resulting from the unrestrained and often tyrannical exercise of power ;protection from arbitrary arrest and detention;#depending on individual discretion as of a judge and not fixed by law ;the manner of punishment is arbitrary;#based on or determined by individual preference or convenience rather than by necessity or the intrinsic nature of something ;an arbitrary standard; ;take any arbitrary positive number; ;arbitrary division of historical studies into watertight compartments A. J. Toynbee; b existing or coming about seemingly at random or by chance or as a capricious and unreasonable act of will ;when a task is not seen in a meaningful context it is experienced as being arbitrary Nehemiah Jordan;@0
arboreal@inhabiting or frequenting trees ;arboreal monkeys;#of, relating to, or resembling a tree@0
archetypally@an inherited idea or mode of thought in the psychology of C. G. Jung that is derived from the experience of the race and is present in the unconscious of the individual#idea a#the original pattern or model of which all things of the same type are representations or copies prototype; also a perfect example@0
arduous@hard to climb steep ;an arduous path;#hard to accomplish or achieve difficult ;years of arduous training; b marked by great labor or effort strenuous ;a life of arduous toil A. C. Cole;@0
arid@lacking in interest and life jejune#excessively dry; specifically having insufficient rainfall to support agriculture@0
artless@lacking art, knowledge, or skill uncultured ;an artless brute;#free from guile or craft sincerely simple ;an artless young woman;#made without skill crude ;an artless attempt to win votes; b free from artificiality natural ;artless grace;@0
ascent@an advance in social status or reputation progress#the act of rising or mounting upward climb b an upward slope or rising grade acclivity c the degree of elevation inclination, gradient#a going back in time or upward in order of genealogical succession@0
ascribe@to refer to a supposed cause, source, or author@0
aseptic@preventing infection ;aseptic techniques; b free or freed from pathogenic microorganisms ;an aseptic operating room;#lacking vitality, emotion, or warmth ;aseptic essays;@0
aspen@any of several poplars especially Populus tremula of Europe and P. tremuloides and P. grandidentata of North America with leaves that flutter in the lightest wind because of their flattened petioles@0
assiduous@marked by careful unremitting attention or persistent application ;an assiduous book collector; ;tended her garden with assiduous attention;@0
assimilate@to make similar b to alter by assimilation c to absorb into the culture or mores of a population or group#compare, liken#to take in and utilize as nourishment absorb into the system b to take into the mind and thoroughly comprehend#something that is assimilated see assimilate#to be taken in or absorbed to become assimilated@0
assorted@consisting of various kinds ;assorted chocolates;#suited especially by nature or character ;an illassorted pair;@0
assuredness@characterized by certainty or security guaranteed ;an assured market;#selfassured b selfsatisfied#insured#satisfied as to the certainty or truth of a matter ;rest assured we wont be late;@0
astigmatic@affected with, relating to, or correcting astigmatism#showing incapacity for observation or discrimination ;an astigmatic fanaticism, a disregard for the facts New York Herald Tribune;@0
astray@off the right path or route straying#in error away from what is proper or desirable@0
atheist@one who believes that there is no deity@0
atonement@reconciliation#the reconciliation of God and humankind through the sacrificial death of Jesus Christ#the exemplifying of human oneness with God#reparation for an offense or injury satisfaction@0
atrophy@a wasting away or progressive decline ;was not a solitude of atrophy, of negation, but of perpetual flowering Willa Cather;#decrease in size or wasting away of a body part or tissue; also arrested development or loss of a part or organ incidental to the normal development or life of an animal or plant@0
attenuation@to make thin or slender#to lessen the amount, force, magnitude, or value of weaken#tapering gradually usually to a long slender point ;attenuate leaves;#reduced especially in thickness, density, or force#to become thin, fine, or less#to make thin in consistency rarefy#to reduce the severity, virulence, or vitality of ;an attenuated virus;@0
attrition@the act of rubbing together friction; also the act of wearing or grinding down by friction#sorrow for ones sins that arises from a motive other than that of the love of God#a reduction in numbers usually as a result of resignation, retirement, or death ;a company with a high rate of attrition;#the act of weakening or exhausting by constant harassment, abuse, or attack ;a war of attrition;@0
attune@to make aware or responsive ;attune businesses to changing trends;#to bring into harmony tune@0
auspices@@0
auspicious@attended by good fortune prosperous ;an auspicious year;#showing or suggesting that future success is likely propitious ;made an auspicious beginning;@0
austere@morally strict ascetic#markedly simple or unadorned ;an austere office; ;an austere style of writing;#giving little or no scope for pleasure ;austere diets;#stern and cold in appearance or manner b somber, grave ;an austere critic;#having the flavor of acid or tannin predominant over fruit flavors usually indicating a capacity for aging@0
autonomous@existing or capable of existing independently ;an autonomous zooid; b responding, reacting, or developing independently of the whole ;an autonomous growth;#controlled by the autonomic nervous system#of, relating to, or marked by autonomy#having the right or power of selfgovernment b undertaken or carried on without outside control selfcontained ;an autonomous school system;@0
averse@having an active feeling of repugnance or distaste usually used with to ;averse to strenuous exercise;@0
avocatoinal@@0
balk@a ridge of land left unplowed as a dividing line or through carelessness#hindrance, check#the space behind the balkline on a billiard table b any of the outside divisions made by the balklines#to pass over or by#beam, rafter#to check or stop by or as if by an obstacle block#to commit a balk in sports#to stop short and refuse to proceed#failure of a player to complete a motion; especially an illegal motion of the pitcher in baseball while in position#to refuse abruptly used with at ;Congress balked at putting up the money Thomas Fleming;@0
ballad@a narrative composition in rhythmic verse suitable for singing b an art song accompanying a traditional ballad#a simple song air#a popular song; especially a slow romantic or sentimental song@0
balm@an aromatic preparation as a healing ointment#a balsamic resin; especially one from small tropical evergreen trees genus Commiphora of the family Burseraceae#any of several aromatic plants of the mint family; especially lemon balm#a soothing restorative agency#a spicy aromatic odor@0
balmy@crazy, foolish#having the qualities of balm soothing b mild ;balmy weather;@0
banal@lacking originality, freshness, or novelty trite@0
banter@goodnatured and usually witty and animated joking#to speak or act playfully or wittily#challenge#to speak to or address in a witty and teasing manner#delude@0
base@the fundamental part of something groundwork, basis b the economic factors on which in Marxist theory all legal, social, and political relations are formed#resembling a villein servile ;a base tenant; b held by villenage ;base tenure;#unawares ;caught off base by the charges;#the starting place or goal in various games b any one of the four stations at the corners of a baseball infield c a point to be considered ;his opening remarks touched every base;#being of comparatively low value and having relatively inferior properties as lack of resistance to corrosion ;a base metal such as iron; compare noble b containing a larger than usual proportion of base metals ;base silver denarii;#wrong, mistaken ;estimates were way off base;#a main ingredient ;paint having a latex base; b a supporting or carrying ingredient as of a medicine#the part of a transformational grammar that consists of rules and a lexicon and generates the deep structures of a language#the lower part of a wall, pier, or column considered as a separate architectural feature the lower part of a complete architectural design b the bottom of something considered as its support foundation c a side or face of a geometrical figure from which an altitude can be constructed; especially one on which the figure stands the length of a base d that part of a bodily organ by which it is attached to another more central structure of the organism#baseborn#of little height#bass#the lower part of a heraldic field#to find a base or basis for usually used with on or upon#a price level at which a security previously declining in price resists further decline#the starting point or line for an action or undertaking b a baseline in surveying c a center or area of operations as the place from which a military force draws supplies a place where military operations begin a permanent military installation d a number as in . or that is raised to a power; especially the number that when raised to a power equal to the logarithm of a number yields the number itself ;the logarithm of to the base is since ; a number equal to the number of units in a given digits place that for a given system of writing numbers is required to give the numeral in the next higher place ;the decimal system uses a base of ;; also such a system of writing numbers using an indicated base ;convert from base to base ; a number that is multiplied by a rate or of which a percentage or fraction is calculated ;to find the interest on at percent multiply the base by .; e root#low in place or position#any of various typically watersoluble and bitter tasting compounds that in solution have a pH greater than , are capable of reacting with an acid to form a salt, and are molecules or ions able to take up a proton from an acid or able to give up an unshared pair of electrons to an acid b any of the five purine or pyrimidine bases of DNA and RNA that include cytosine, guanine, adenine, thymine, and uracil#lacking or indicating the lack of higher qualities of mind or spirit ignoble b lacking higher values degrading ;a drab base way of life;#to make, form, or serve as a base for@0
beaded@a projecting rim, band, or molding#a small ballshaped body as a a drop of sweat or blood b a bubble formed in or on a beverage c a small metal knob on a firearm used as a front sight d a blob or a line of weld metal#to form into a bead#a small piece of material pierced for threading on a string or wire as in a rosary#prayer usually used in plural b plural a series of prayers and meditations made with a rosary#a precise knowledge or understanding used in such phrases as get a bead on#to string together like beads#to furnish, adorn, or cover with beads or beading#rosary b a necklace of beads or pearls@0
beleagure@@0
belie@to show something to be false or wrong b to run counter to contradict#disguise#to give a false impression of b to present an appearance not in agreement with@0
bellicose@favoring or inclined to start quarrels or wars@0
belligerent@inclined to or exhibiting assertiveness, hostility, or combativeness#waging war; specifically belonging to or recognized as a state at war and protected by and subject to the laws of war@0
bemuse@to cause to have feelings of wry or tolerant amusement ;seems truly bemused that people beyond his circle in Seattle would be interested in his ruminations Ruth B. Smith;#to occupy the attention of distract, absorb#to make confused puzzle, bewilder@0
benefactor@one that confers a benefit; especially one that makes a gift or bequest@0
beneficent@doing or producing good; especially performing acts of kindness and charity#beneficial@0
beneficiary@one that benefits from something#the person designated to receive the income of a trust estate b the person named as in an insurance policy to receive proceeds or benefits@0
bereave@to take away a valued or necessary possession especially by force#to deprive of something usually used with of ;madam, you have bereft me of all words Shakespeare;@0
beset@to set or stud with or as if with ornaments#to set upon assail ;the settlers were beset by savages; b to hem in surround#trouble, harass ;inflation besets the economy;@0
bibliomania@extreme preoccupation with collecting books@0
blameworthy@being at fault deserving blame@0
blatant@completely obvious, conspicuous, or obtrusive especially in a crass or offensive manner brazen ;blatant disregard for the rules;#noisy especially in a vulgar or offensive manner clamorous@0
blighted@to impair the quality or effect of ;the condition that has blighted his sons life Patricia Guthrie;#a deteriorated condition ;urban blight;#to suffer from or become affected with blight#a disease or injury of plants marked by the formation of lesions, withering, and death of parts as leaves and tubers b an organism as an insect or a fungus that causes blight#to affect as a plant with blight#something that impairs or destroys#something that frustrates plans or hopes@0
blissful@full of, marked by, or causing bliss ;a blissful marriage;#happily benighted ;blissful ignorance;@0
blithe@lacking due thought or consideration casual, heedless ;blithe unconcern;#of a happy lighthearted character or disposition@0
boisterous@noisily turbulent rowdy b marked by or expressive of exuberance and high spirits#coarse b durable, strong c massive#stormy, tumultuous@0
bombastic@marked by or given to bombast pompous, overblown@0
bonanza@something that is very valuable, profitable, or rewarding ;a boxoffice bonanza; b a very large amount ;a bonanza of sympathy; c extravaganza ;channels planning allday viewing bonanzas William Borders;#an exceptionally large and rich mineral deposit as of an ore, precious metal, or petroleum@0
boon@benefit, favor; especially one that is given in answer to a request#convivial ;a boon companion;#favorable#a timely benefit blessing@0
bootless@useless, unprofitable ;a bootless attempt;@0
bowlegged@a leg bowed outward at or below the knee@0
braid@highranking naval officers#to ornament especially with ribbon or braid#to make from braids ;braid a rug; b to form three or more strands into a braid#to do up the hair by interweaving three or more strands#mix, intermingle ;braid fact with fiction;#a length of braided hair b a cord or ribbon having usually three or more component strands forming a regular diagonal pattern down its length; especially a narrow fabric of intertwined threads used especially for trimming@0
brassy@resembling the sound of a brass instrument#shamelessly bold ;a brassy reporter; b obstreperous#resembling brass especially in color@0
bravado@the quality or state of being foolhardy#blustering swaggering conduct b a pretense of bravery@0
brevity@shortness of duration; especially shortness or conciseness of expression@0
brink@a bank especially of a river#the threshold of danger#edge; especially the edge at the top of a steep place#the point of onset verge ;on the brink of war;@0
briny@of, relating to, or resembling brine or the sea salty@0
brook@creek#to stand for tolerate ;he would brook no interference with his plans;@0
brusqueness@blunt in manner or speech often to the point of ungracious harshness#markedly short and abrupt@0
bulky@having bulk b large of its kind corpulent#having great volume in proportion to weight ;a bulky knit sweater;@0
bumper@unusually large ;a bumper crop;#a brimming cup or glass#a device for absorbing shock or preventing damage as in collision; specifically a bar at either end of an automobile#something unusually large#a brief interval on radio or television filled with music, video shots, or voiceovers that marks a break between a program and a commercial#banner#one that bumps@0
buoyant@having buoyancy as a capable of floating b cheerful, gay c capable of maintaining a satisfactorily high level ;a buoyant economy;@0
burgeon@to grow and expand rapidly flourish#to send forth new growth as buds or branches sprout b bloom@0
buttress@something that resembles a buttress as a a projecting part of a mountain or hill b a horny protuberance on a horses hoof at the heel see hoof illustration c the broadened base of a tree trunk or a thickened vertical part of it#to furnish or shore up with a buttress; also support, strengthen ;arguments buttressed by solid facts;#a projecting structure of masonry or wood for supporting or giving stability to a wall or building#something that supports or strengthens ;a buttress of the cause of peace;@0
bygone@gone by past ;bygone days;; especially outmoded ;bygone styles;@0
byzantine@of, relating to, or characteristic of the ancient city of Byzantium#of, relating to, or characterized by a devious and usually surreptitious manner of operation ;a Byzantine power struggle; b intricately involved labyrinthine ;rules of Byzantine complexity;#a native or inhabitant of Byzantium#of or relating to the churches using a traditional Greek rite and subject to Eastern canon law#of, relating to, or having the characteristics of a style of architecture developed in the Byzantine Empire especially in the fifth and sixth centuries featuring the dome carried on pendentives over a square and incrustation with marble veneering and with colored mosaics on grounds of gold@0
cacophonous@marked by cacophony harshsounding@0
callous@feeling no emotion b feeling or showing no sympathy for others hardhearted ;a callous indifference to suffering;#to make callous see callous ;hands calloused by hard manual labor;#being hardened and thickened b having calluses ;callous hands;@0
calumny@a misrepresentation intended to harm anothers reputation#the act of uttering false charges or misrepresentations maliciously calculated to harm anothers reputation@0
candid@marked by honest sincere expression ;a candid discussion; b indicating or suggesting sincere honesty and absence of deception ;her candid face; c disposed to criticize severely blunt ;candid critics;#relating to or being photography of subjects acting naturally or spontaneously without being posed#white ;candid flames;#free from bias, prejudice, or malice fair ;a candid observer;@0
candor@kindliness#unreserved, honest, or sincere expression forthrightness ;the candor with which he acknowledged a weakness in his own case Aldous Huxley;#freedom from prejudice or malice fairness#whiteness, brilliance b obsolete unstained purity@0
cannily@clever, shrewd ;a canny lawyer;; also prudent ;canny investments;#careful, steady; also restrained b quiet, snug ;then canny, in some cozy place, they close the day Robert Burns;#in a canny manner carefully@0
canny@clever, shrewd ;a canny lawyer;; also prudent ;canny investments;#careful, steady; also restrained b quiet, snug ;then canny, in some cozy place, they close the day Robert Burns;#in a canny manner carefully@0
cantankerous@difficult or irritating to deal with ;a cantankerous mule;@0
capitulate@to surrender often after negotiation of terms b to cease resisting acquiesce#parley, negotiate@0
capricious@governed or characterized by caprice impulsive, unpredictable@0
captious@calculated to confuse, entrap, or entangle in argument ;a captious question;#marked by an often illnatured inclination to stress faults and raise objections ;captious critics;@0
carnage@the flesh of slain animals or men#great and usually bloody slaughter or injury as in battle@0
caste@a specialized form as the worker of an ant or bee of a polymorphic social insect that carries out a particular function in the colony#a system of rigid social stratification characterized by hereditary status, endogamy, and social barriers sanctioned by custom, law, or religion#one of the hereditary social classes in Hinduism that restrict the occupation of their members and their association with the members of other castes#a division of society based on differences of wealth, inherited rank or privilege, profession, occupation, or race b the position conferred by caste standing prestige@0
castigate@to subject to severe punishment, reproof, or criticism@0
caustic@capable of destroying or eating away by chemical action corrosive#a caustic agent as a a substance that burns or destroys organic tissue by chemical action b sodium hydroxide#the envelope of rays emanating from a point and reflected or refracted by a curved surface#relating to or being the surface or curve of a caustic#marked by incisive sarcasm@0
cautionary@warning, admonishment#one that astonishes or commands attention ;some shoes you see these days are a caution Esquire;#to advise caution to warn#precaution#prudent forethought to minimize risk@0
cavil@to raise trivial and frivolous objection#to raise trivial objections to@0
celibate@a person who lives in celibacy@0
censorious@marked by or given to censure ;censorious comments; ;a censorious critic;@0
censure@opinion, judgment#the act of blaming or condemning sternly#estimate, judge#a judgment involving condemnation#an official reprimand#to find fault with and criticize as blameworthy@0
cessation@a temporary or final ceasing as of action stop@0
chafe@to feel irritation, discontent, or impatience fret ;chafes at the rules;#a state of vexation rage#to rub and thereby cause wear or irritation#to warm by rubbing especially with the hands#irritate, vex#to rub so as to wear away abrade ;the strap chafed his skin; b to make sore by or as if by rubbing#injury or wear caused by friction; also friction, rubbing@0
chantey@a song sung by sailors in rhythm with their work@0
charlatan@quack#one making usually showy pretenses to knowledge or ability fraud, faker@0
charter@a special privilege, immunity, or exemption#to hire, rent, or lease for usually exclusive and temporary use ;chartered a boat for deepsea fishing;#a charter travel arrangement#a grant or guarantee of rights, franchises, or privileges from the sovereign power of a state or country b a written instrument that creates and defines the franchises of a city, educational institution, or corporation c constitution#a written instrument or contract as a deed executed in due form#a written instrument from the authorities of a society creating a lodge or branch#of, relating to, or being a travel arrangement in which transportation as a bus or plane is hired by and for one specific group of people ;a charter flight;#a mercantile lease of a ship or some principal part of it#to establish, enable, or convey by charter b British certify ;a chartered mechanical engineer;@0
chary@discreetly cautious as a hesitant and vigilant about dangers and risks b slow to grant, accept, or expend ;a person very chary of compliments;#dear, treasured@0
chastisement@to inflict punishment on as by whipping#to censure severely castigate#chasten@0
choppy@rough with small waves#changeable, variable ;a choppy wind;#interrupted by ups and downs ;choppy terrain; ;a choppy career; b jerky ;short choppy strides; c disconnected ;choppy writing;#being roughened chapped@0
chorale@a hymn or psalm sung to a traditional or composed melody in church; also a harmonization of a chorale melody ;a Bach chorale;#chorus, choir@0
chromatic@of or relating to chroma#of or relating to color or color phenomena or sensations b highly colored#accidental#of, relating to, or giving all the tones of the chromatic scale b characterized by frequent use of accidentals@0
circuitous@not being forthright or direct in language or action ;a circuitous explanation;#having a circular or winding course ;a circuitous route;@0
circumlocution@the use of an unnecessarily large number of words to express an idea#evasion in speech@0
circumspect@careful to consider all circumstances and possible consequences prudent ;diplomacy required a circumspect response;@0
circumstantial@marked by careful attention to detail abounding in factual details ;a circumstantial account of the fight;#ceremonial#pertinent but not essential incidental#belonging to, consisting in, or dependent on circumstances ;a circumstantial case; ;circumstantial factors;@0
civility@training in the humanities#civilized conduct; especially courtesy, politeness b a polite act or expression@0
clamber@to climb awkwardly as by scrambling ;clambered over the rocks;@0
clannish@tending to associate only with a select group of similar background or status ;a clannish community;#of or relating to a clan ;clannish traditions;@0
clemency@pleasant mildness of weather#disposition to be merciful and especially to moderate the severity of punishment due b an act or instance of leniency@0
clumsy@lacking dexterity, nimbleness, or grace ;clumsy fingers; b lacking tact or subtlety ;a clumsy joke;#awkward or inefficient in use or construction unwieldy ;a clumsy contraption;@0
clutter@disturbance, hubbub#a crowded or confused mass or collection b things that clutter a place#interfering radar echoes caused by reflection from objects as on the ground other than the target#to run in disorder#to fill or cover with scattered or disordered things that impede movement or reduce effectiveness ;a room cluttered with toys; often used with up@0
codify@systematize b classify#to reduce to a code@0
cogent@appealing forcibly to the mind or reason convincing ;cogent evidence; b pertinent, relevant ;a cogent analysis;#having power to compel or constrain ;cogent forces;@0
cognizant@knowledgeable of something especially through personal experience; also mindful@0
cohesive@exhibiting or producing cohesion or coherence ;a cohesive social unit; ;cohesive soils;@0
collateral@parallel, coordinate, or corresponding in position, order, time, or significance ;collateral states like Athens and Sparta;#belonging to the same ancestral stock but not in a direct line of descent compare lineal a#accompanying as secondary or subordinate concomitant ;digress into collateral matters; b indirect c serving to support or reinforce ancillary#of, relating to, or being collateral used as security as for payment of a debt or performance of a contract b secured by collateral#a collateral relative#a branch of a bodily part as a vein#property as securities pledged by a borrower to protect the interests of the lender@0
collusion@secret agreement or cooperation especially for an illegal or deceitful purpose@0
cometary@a celestial body that appears as a fuzzy head usually surrounding a bright nucleus, that has a usually highly eccentric orbit, that consists primarily of ice and dust, and that often develops one or more long tails when near the sun@0
commensurate@commensurable#corresponding in size, extent, amount, or degree proportionate ;was given a job commensurate with her abilities;#equal in measure or extent coextensive ;lived a life commensurate with the early years of the republic;@0
commingle@to combine funds or properties into a common fund or stock#to blend thoroughly into a harmonious whole#to become commingled@0
commission@a group of persons directed to perform some duty b a government agency having administrative, legislative, or judicial powers c a city council having legislative and executive functions#out of working order#an act of entrusting or giving authority#an authorization or command to act in a prescribed manner or to perform prescribed acts charge#under the authority of commissioners#to put a ship in commission#a fee paid to an agent or employee for transacting a piece of business or performing a service; especially a percentage of the money received from a total paid to the agent responsible for the business#authority to act for, in behalf of, or in place of another b a task or matter entrusted to one as an agent for another#out of active service or use#in use or in condition for use#an act of committing something ;commission of a crime;#to order to be made ;commissioned a portrait;#a formal written warrant granting the power to perform various acts or duties b a certificate conferring military rank and authority; also the rank and authority so conferred#with commission serving as partial or full pay for work done#to furnish with a commission as a to confer a formal commission on ;was commissioned lieutenant; b to appoint or assign to a task or function ;was commissioned to do the biography;#ready for active service@0
commodious@handy, serviceable#comfortably or conveniently spacious roomy ;a commodious closet;@0
commodity@an economic good as a a product of agriculture or mining b an article of commerce especially when delivered for shipment ;commodities futures; c a massproduced unspecialized product ;commodity chemicals; ;commodity memory chips;#something useful or valued ;that valuable commodity patience;; also thing, entity b convenience, advantage#a good or service whose wide availability typically leads to smaller profit margins and diminishes the importance of factors as brand name other than price#one that is subject to ready exchange or exploitation within a market ;stars as individuals and as commodities of the film industry Film Quarterly;#quantity, lot@0
compelling@that compels as a forceful ;a compelling personality; b demanding attention ;for compelling reasons; c convincing ;no compelling evidence;@0
compendium@a brief summary of a larger work or of a field of knowledge abstract#a list of a number of items b collection, compilation@0
complacence@calm or secure satisfaction with oneself or ones lot selfsatisfaction#unconcern#complaisance@0
compliance@a disposition to yield to others#the act or process of complying to a desire, demand, proposal, or regimen or to coercion b conformity in fulfilling official requirements#the ability of an object to yield elastically when a force is applied flexibility@0
comprehensively@covering completely or broadly inclusive ;comprehensive examinations; ;comprehensive insurance;#having or exhibiting wide mental grasp ;comprehensive knowledge;@0
conceive@to take into ones mind ;conceive a prejudice; b to form a conception of imagine ;a badly conceived design;#to apprehend by reason or imagination understand ;unable to conceive his reasons;#to become pregnant#to have a conception usually used with of ;conceives of death as emptiness;#to become pregnant with young ;conceive a child; b to cause to begin originate ;a project conceived by the companys founder;#to have as an opinion ;I cannot conceive that he acted alone;@0
conciliatory@appease#to gain as goodwill by pleasing acts#to become friendly or agreeable#to make compatible reconcile@0
concoction@devise, fabricate ;concoct an explanation;#to prepare by combining raw materials ;concoct a recipe;@0
concomitant@something that accompanies or is collaterally connected with something else accompaniment#accompanying especially in a subordinate or incidental way@0
confide@to tell confidentially#to show confidence by imparting secrets ;confide in a friend;#to have confidence trust#to give to the care or protection of another entrust@0
confine@to hold within a location b imprison#something as borders or walls that encloses ;outside the confines of the office or hospital W. A. Nolen;; also something that restrains ;escape from the confines of soot and clutter E. S. Muskie; b scope ;work within the confines of a small group Frank Newman;#to keep within limits ;will confine my remarks to one subject;#border#restriction b obsolete prison@0
conflagration@conflict, war#fire; especially a large disastrous fire@0
conflate@to combine as two readings of a text into a composite whole#to bring together fuse b confuse@0
congenial@having the same nature, disposition, or tastes kindred ;congenial companions;#existing or associated together harmoniously b pleasant; especially agreeably suited to ones nature, tastes, or outlook ;a congenial atmosphere; c sociable, genial ;a congenial host;@0
congenital@existing at or dating from birth ;congenital deafness; b constituting an essential characteristic inherent ;congenital fear of snakes; c acquired during development in the uterus and not through heredity ;congenital syphilis;#being such by nature ;a congenital liar;@0
congruent@superposable so as to be coincident throughout#having the difference divisible by a given modulus ; is congruent to modulo since ;#congruous@0
conifer@any of an order Coniferales of mostly evergreen trees and shrubs having usually needleshaped or scalelike leaves and including forms as pines with true cones and others as yews with an arillate fruit@0
connive@conspire, intrigue ;accused his opponents of conniving to defeat the proposal;#to pretend ignorance of or fail to take action against something one ought to oppose ;the government connived in the rebels military buildup;#to be indulgent or in secret sympathy wink b to cooperate secretly or have a secret understanding@0
connoisseur@expert; especially one who understands the details, technique, or principles of an art and is competent to act as a critical judge#one who enjoys with discrimination and appreciation of subtleties ;a connoisseur of fine wines;@0
connotation@an essential property or group of properties of a thing named by a term in logic compare denotation#the suggesting of a meaning by a word apart from the thing it explicitly names or describes b something suggested by a word or thing implication ;the connotations of comfort that surrounded that old chair;#the signification of something ;that abuse of logic which consists in moving counters about as if they were known entities with a fixed connotation W. R. Inge;@0
conscientious@meticulous, careful ;a conscientious listener;#governed by or conforming to the dictates of conscience scrupulous ;a conscientious public servant;@0
conserve@to maintain a quantity constant during a process of chemical, physical, or evolutionary change ;conserved DNA sequences;#to keep in a safe or sound state ;he conserved his inheritance;; especially to avoid wasteful or destructive use of ;conserve natural resources;#preserve; specifically one prepared from a mixture of fruits#sweetmeat; especially a candied fruit#to preserve with sugar@0
consign@to give, transfer, or deliver into the hands or control of another; also to commit especially to a final destination or fate ;a writer consigned to oblivion;#to give over to anothers care#to send or address to an agent to be cared for or sold#agree, submit@0
consort@conjunction, association ;he ruled in consort with his father;#spouse compare prince consort, queen consort#to make harmony play#associate#to keep company ;consorting with criminals;#group, assembly ;a consort of specialists;#a group of singers or instrumentalists performing together b a set of musical instruments of the same family#escort#unite, associate#a ship accompanying another#accord, harmonize ;the illustrations consort admirably with the text Times Literary Supplement;@0
consternation@amazement or dismay that hinders or throws into confusion ;the two stared at each other in consternation, and neither knew what to do Pearl Buck;@0
consummate@finish, complete ;consummate a business deal; b to make perfect c achieve#extremely skilled and accomplished ;a consummate liar; ;a consummate professional;#of the highest degree ;consummate skill; ;consummate cruelty;#to make marital union complete by sexual intercourse ;consummate a marriage;#complete in every detail perfect#to become perfected@0
contravene@to go or act contrary to violate ;contravene a law;#to oppose in argument contradict ;contravene a proposition;@0
contrite@feeling or showing sorrow and remorse for a sin or shortcoming ;a contrite criminal; ;a contrite apology; ;contrite sighs;@0
contrive@to make schemes#to bring about by stratagem or with difficulty manage ;he contrived to win their support;#devise, plan ;contrive ways of handling the situation; b to form or create in an artistic or ingenious manner ;contrived household utensils from stone;@0
conversant@concerned, occupied#having frequent or familiar association#having knowledge or experience used with with@0
convival@@0
cordiality@sincere affection and kindness cordial regard@0
cosmopolitan@found in most parts of the world and under varied ecological conditions ;a cosmopolitan herb;#having worldwide rather than limited or provincial scope or bearing#cosmopolite#having wide international sophistication worldly#a cocktail made of vodka, orangeflavored liqueur, lime juice, and cranberry juice called also cosmo, kzm#composed of persons, constituents, or elements from all or many parts of the world@0
coterie@an intimate and often exclusive group of persons with a unifying common interest or purpose@0
countenance@to extend approval or toleration to sanction ;refused to countenance any changes in the policy;#bearing or expression that offers approval or sanction moral support#aspect, semblance b pretense#calm expression b mental composure c look, expression#bearing, demeanor#face, visage; especially the face as an indication of mood, emotion, or character@0
counterfeit@to try to deceive by pretense or dissembling#insincere, feigned ;counterfeit sympathy; b imitation ;counterfeit Georgian houses;#to imitate or feign especially with intent to deceive; also to make a fraudulent replica of ;counterfeiting bills;#something counterfeit forgery#made in imitation of something else with intent to deceive forged ;counterfeit money;#something likely to be mistaken for something of higher value ;pity was a counterfeit of love Harry Hervey;#to engage in counterfeiting something of value@0
court@conduct or attention intended to win favor or dispel hostility homage ;pay court to the king;#a manor house or large building surrounded by usually enclosed grounds motel b an open space enclosed wholly or partly by buildings or circumscribed by a single building c a quadrangular space walled or marked off for playing one of various games with a ball as lawn tennis, handball, or basketball; also a division of such a court d a wide alley with only one opening onto a street#to engage in activity leading to mating#the residence or establishment of a sovereign or similar dignitary b a sovereigns formal assembly of councillors and officers c the sovereign and officers and advisers who are the governing power d the family and retinue of a sovereign e a reception held by a sovereign#to seek to attract as by solicitous attention or offers of advantages ;college teams courting high school basketball stars; b to seek an alliance with#to seek to gain or achieve ;court power; b allure, tempt to act so as to invite or provoke ;courts disaster;#an official assembly for the transaction of judicial business b a session of such a court ;court is now adjourned; c a place as a chamber for the administration of justice d a judge or judges in session; also a faculty or agency of judgment or evaluation ;rest our case in the court of world opinion L. H. Marks;#to engage in social activities leading to engagement and marriage#an assembly or board with legislative or administrative powers b parliament, legislature#to seek the affections of; especially to seek to win a pledge of marriage from b of an animal to perform actions in order to attract for mating ;a male bird courting a female;@0
credulous@proceeding from credulity ;credulous superstitions;#ready to believe especially on slight or uncertain evidence ;accused of swindling credulous investors;@0
crestfallen@feeling shame or humiliation dejected#having a drooping crest or hanging head@0
criss-cross@the state of being at crosspurposes; also a confused state#to pass back and forth through or over#overlap, intersect#to go or pass back and forth#a crisscross pattern network#marked or characterized by crisscrossing#to mark with intersecting lines@0
crooked@dishonest ;a crooked election; ;crooked politicians;#not straight ;a crooked road; ;your tie is crooked;@0
culminate@to bring to a head or to the highest point#to reach its highest altitude; also to be directly overhead#to rise to or form a summit b to reach the highest or a climactic or decisive point@0
culpable@meriting condemnation or blame especially as wrong or harmful ;culpable negligence;#guilty, criminal@0
cursory@rapidly and often superficially performed or produced hasty ;a cursory glance;@0
curt@shortened in linear dimension#sparing of words terse ;wrote curt precise sentences; b marked by rude or peremptory shortness brusque ;a curt refusal;@0
custodian@one that guards and protects or maintains; especially one entrusted with guarding and keeping property or records or with custody or guardianship of prisoners or inmates@0
damped@moisture a humidity, dampness b archaic fog, mist#dampen#to affect with or as if with a noxious gas choke b to diminish the activity or intensity of ;damping down the causes of inflation; ;liquid damps out compass oscillations; c to check the vibration or oscillation of as a string or voltage#discouragement, check b archaic depression, dejection#slightly or moderately wet moist ;a damp towel;; also humid ;damp weather;#being confused, bewildered, or shocked stupefied b depressed, dull#a noxious gas compare black damp, firedamp#to diminish progressively in vibration or oscillation@0
dappled@marked with small spots or patches contrasting with the background ;a dappled fawn;@0
dearth@an inadequate supply lack ;a dearth of evidence;#scarcity that makes dear; specifically famine@0
debauch@an act or occasion of debauchery#to lead away from virtue or excellence b to corrupt by intemperance or sensuality#to make disloyal b to seduce from chastity#orgy@0
deciduous@falling off or shed seasonally or at a certain stage of development in the life cycle ;deciduous leaves; ;deciduous scales;#having deciduous parts ;maples, birches, and other deciduous trees; b having the dominant plants deciduous ;a deciduous forest;#ephemeral@0
decorous@marked by propriety and good taste correct ;decorous conduct;@0
decrepit@impaired by use or wear wornout b fallen into ruin or disrepair#wasted and weakened by or as if by the infirmities of old age#dilapidated, rundown@0
decry@to express strong disapproval of ;decry the emphasis on sex;#to depreciate as a coin officially or publicly@0
default@failure to do something required by duty or law neglect#fault#failure to appear at the required time in a legal proceeding b failure to compete in or to finish an appointed contest ;lost the game by default;#in the absence of#to make a default selection ;the program defaults to a standard font;#to fail to perform, pay, or make good#a selection made usually automatically or without active consideration due to lack of a viable alternative ;remained the clubs president by default; b a selection automatically used by a computer program in the absence of a choice made by the user#to fail to fulfill a contract, agreement, or duty as a to fail to meet a financial obligation ;default on a loan; b to fail to appear in court c to fail to compete in or to finish an appointed contest; also to forfeit a contest by such failure#forfeit b to exclude a player or a team from a contest by default#a failure to pay financial debts@0
defecate@to discharge from the anus#to discharge feces from the bowels#to free from impurity or corruption@0
defer@to delegate to another ;he could defer his job to no one J. A. Michener;#to postpone induction of a person into military service#to submit to anothers wishes, opinion, or governance usually through deference or respect ;deferred to her fathers wishes;#put off, delay@0
defunct@no longer living, existing, or functioning ;that firm is now defunct;@0